                  10        20        30        40        50        60        70
          MGVFNxExExTSxVAPAxLxKALVTDADxLTPKVIDAIKSIEIVEGNGGxGTIKKLTFVEDGETKxVLHK
PEADRRA   .....v.d.i..v....i.y........t....................a...............h....
PEADRRG   .....f.e.a..i....t.h........i....................p...............y....

                  80        90       100       110       120       130       140
          VELVDxANxAxNYSIVGGVGxPDTVEKISFEAKLSAGPNGGSIAKLSVKYYTKGDAxxxxEExxKxxKAK
PEADRRA   .....v..l.y.........f...................................aapt..ql.sd...
PEADRRG   .....d..w.n.........l...................................ipse..-i.ng...

                 150       160
          GxGxFKALExYCxAxPDYN*
PEADRRA   .d.l.....r..l.h.....
PEADRRG   .e.i.....g..v.n.....

